file modified: /private/var/folders/lz/612zcv0d71q1c4v_mbpbcz1c0000gn/T/koi-platform-design-9xphcw8h/project/apps/platform_review_app/build/macos/Build/Products/Release/platform_review_app.app/Contents/Frameworks/App.framework
--prepared:/private/var/folders/lz/612zcv0d71q1c4v_mbpbcz1c0000gn/T/koi-platform-design-9xphcw8h/project/apps/platform_review_app/build/macos/Build/Products/Release/platform_review_app.app/Contents/Frameworks/media_kit_libs_macos_video.framework/Versions/Current/.
--validated:/private/var/folders/lz/612zcv0d71q1c4v_mbpbcz1c0000gn/T/koi-platform-design-9xphcw8h/project/apps/platform_review_app/build/macos/Build/Products/Release/platform_review_app.app/Contents/Frameworks/media_kit_libs_macos_video.framework/Versions/Current/.
--prepared:/private/var/folders/lz/612zcv0d71q1c4v_mbpbcz1c0000gn/T/koi-platform-design-9xphcw8h/project/apps/platform_review_app/build/macos/Build/Products/Release/platform_review_app.app/Contents/Frameworks/objective_c.framework/Versions/Current/.
--validated:/private/var/folders/lz/612zcv0d71q1c4v_mbpbcz1c0000gn/T/koi-platform-design-9xphcw8h/project/apps/platform_review_app/build/macos/Build/Products/Release/platform_review_app.app/Contents/Frameworks/objective_c.framework/Versions/Current/.
--prepared:/private/var/folders/lz/612zcv0d71q1c4v_mbpbcz1c0000gn/T/koi-platform-design-9xphcw8h/project/apps/platform_review_app/build/macos/Build/Products/Release/platform_review_app.app/Contents/Frameworks/Avfilter.framework/Versions/Current/.
--validated:/private/var/folders/lz/612zcv0d71q1c4v_mbpbcz1c0000gn/T/koi-platform-design-9xphcw8h/project/apps/platform_review_app/build/macos/Build/Products/Release/platform_review_app.app/Contents/Frameworks/Avfilter.framework/Versions/Current/.
--prepared:/private/var/folders/lz/612zcv0d71q1c4v_mbpbcz1c0000gn/T/koi-platform-design-9xphcw8h/project/apps/platform_review_app/build/macos/Build/Products/Release/platform_review_app.app/Contents/Frameworks/Png16.framework/Versions/Current/.
--validated:/private/var/folders/lz/612zcv0d71q1c4v_mbpbcz1c0000gn/T/koi-platform-design-9xphcw8h/project/apps/platform_review_app/build/macos/Build/Products/Release/platform_review_app.app/Contents/Frameworks/Png16.framework/Versions/Current/.
--prepared:/private/var/folders/lz/612zcv0d71q1c4v_mbpbcz1c0000gn/T/koi-platform-design-9xphcw8h/project/apps/platform_review_app/build/macos/Build/Products/Release/platform_review_app.app/Contents/Frameworks/Dav1d.framework/Versions/Current/.
--validated:/private/var/folders/lz/612zcv0d71q1c4v_mbpbcz1c0000gn/T/koi-platform-design-9xphcw8h/project/apps/platform_review_app/build/macos/Build/Products/Release/platform_review_app.app/Contents/Frameworks/Dav1d.framework/Versions/Current/.
--prepared:/private/var/folders/lz/612zcv0d71q1c4v_mbpbcz1c0000gn/T/koi-platform-design-9xphcw8h/project/apps/platform_review_app/build/macos/Build/Products/Release/platform_review_app.app/Contents/Frameworks/Avformat.framework/Versions/Current/.
--prepared:/private/var/folders/lz/612zcv0d71q1c4v_mbpbcz1c0000gn/T/koi-platform-design-9xphcw8h/project/apps/platform_review_app/build/macos/Build/Products/Release/platform_review_app.app/Contents/Frameworks/Mbedcrypto.framework/Versions/Current/.
--validated:/private/var/folders/lz/612zcv0d71q1c4v_mbpbcz1c0000gn/T/koi-platform-design-9xphcw8h/project/apps/platform_review_app/build/macos/Build/Products/Release/platform_review_app.app/Contents/Frameworks/Avformat.framework/Versions/Current/.
--validated:/private/var/folders/lz/612zcv0d71q1c4v_mbpbcz1c0000gn/T/koi-platform-design-9xphcw8h/project/apps/platform_review_app/build/macos/Build/Products/Release/platform_review_app.app/Contents/Frameworks/Mbedcrypto.framework/Versions/Current/.
--prepared:/private/var/folders/lz/612zcv0d71q1c4v_mbpbcz1c0000gn/T/koi-platform-design-9xphcw8h/project/apps/platform_review_app/build/macos/Build/Products/Release/platform_review_app.app/Contents/Frameworks/Freetype.framework/Versions/Current/.
--validated:/private/var/folders/lz/612zcv0d71q1c4v_mbpbcz1c0000gn/T/koi-platform-design-9xphcw8h/project/apps/platform_review_app/build/macos/Build/Products/Release/platform_review_app.app/Contents/Frameworks/Freetype.framework/Versions/Current/.
--prepared:/private/var/folders/lz/612zcv0d71q1c4v_mbpbcz1c0000gn/T/koi-platform-design-9xphcw8h/project/apps/platform_review_app/build/macos/Build/Products/Release/platform_review_app.app/Contents/Frameworks/Swresample.framework/Versions/Current/.
--validated:/private/var/folders/lz/612zcv0d71q1c4v_mbpbcz1c0000gn/T/koi-platform-design-9xphcw8h/project/apps/platform_review_app/build/macos/Build/Products/Release/platform_review_app.app/Contents/Frameworks/Swresample.framework/Versions/Current/.
--prepared:/private/var/folders/lz/612zcv0d71q1c4v_mbpbcz1c0000gn/T/koi-platform-design-9xphcw8h/project/apps/platform_review_app/build/macos/Build/Products/Release/platform_review_app.app/Contents/Frameworks/Fribidi.framework/Versions/Current/.
--validated:/private/var/folders/lz/612zcv0d71q1c4v_mbpbcz1c0000gn/T/koi-platform-design-9xphcw8h/project/apps/platform_review_app/build/macos/Build/Products/Release/platform_review_app.app/Contents/Frameworks/Fribidi.framework/Versions/Current/.
--prepared:/private/var/folders/lz/612zcv0d71q1c4v_mbpbcz1c0000gn/T/koi-platform-design-9xphcw8h/project/apps/platform_review_app/build/macos/Build/Products/Release/platform_review_app.app/Contents/Frameworks/media_kit_video.framework/Versions/Current/.
--validated:/private/var/folders/lz/612zcv0d71q1c4v_mbpbcz1c0000gn/T/koi-platform-design-9xphcw8h/project/apps/platform_review_app/build/macos/Build/Products/Release/platform_review_app.app/Contents/Frameworks/media_kit_video.framework/Versions/Current/.
--prepared:/private/var/folders/lz/612zcv0d71q1c4v_mbpbcz1c0000gn/T/koi-platform-design-9xphcw8h/project/apps/platform_review_app/build/macos/Build/Products/Release/platform_review_app.app/Contents/Frameworks/Ass.framework/Versions/Current/.
--prepared:/private/var/folders/lz/612zcv0d71q1c4v_mbpbcz1c0000gn/T/koi-platform-design-9xphcw8h/project/apps/platform_review_app/build/macos/Build/Products/Release/platform_review_app.app/Contents/Frameworks/Mbedtls.framework/Versions/Current/.
--validated:/private/var/folders/lz/612zcv0d71q1c4v_mbpbcz1c0000gn/T/koi-platform-design-9xphcw8h/project/apps/platform_review_app/build/macos/Build/Products/Release/platform_review_app.app/Contents/Frameworks/Ass.framework/Versions/Current/.
--validated:/private/var/folders/lz/612zcv0d71q1c4v_mbpbcz1c0000gn/T/koi-platform-design-9xphcw8h/project/apps/platform_review_app/build/macos/Build/Products/Release/platform_review_app.app/Contents/Frameworks/Mbedtls.framework/Versions/Current/.
--prepared:/private/var/folders/lz/612zcv0d71q1c4v_mbpbcz1c0000gn/T/koi-platform-design-9xphcw8h/project/apps/platform_review_app/build/macos/Build/Products/Release/platform_review_app.app/Contents/Frameworks/Swscale.framework/Versions/Current/.
--validated:/private/var/folders/lz/612zcv0d71q1c4v_mbpbcz1c0000gn/T/koi-platform-design-9xphcw8h/project/apps/platform_review_app/build/macos/Build/Products/Release/platform_review_app.app/Contents/Frameworks/Swscale.framework/Versions/Current/.
--prepared:/private/var/folders/lz/612zcv0d71q1c4v_mbpbcz1c0000gn/T/koi-platform-design-9xphcw8h/project/apps/platform_review_app/build/macos/Build/Products/Release/platform_review_app.app/Contents/Frameworks/Avutil.framework/Versions/Current/.
--validated:/private/var/folders/lz/612zcv0d71q1c4v_mbpbcz1c0000gn/T/koi-platform-design-9xphcw8h/project/apps/platform_review_app/build/macos/Build/Products/Release/platform_review_app.app/Contents/Frameworks/Avutil.framework/Versions/Current/.
--prepared:/private/var/folders/lz/612zcv0d71q1c4v_mbpbcz1c0000gn/T/koi-platform-design-9xphcw8h/project/apps/platform_review_app/build/macos/Build/Products/Release/platform_review_app.app/Contents/Frameworks/Mbedx509.framework/Versions/Current/.
--validated:/private/var/folders/lz/612zcv0d71q1c4v_mbpbcz1c0000gn/T/koi-platform-design-9xphcw8h/project/apps/platform_review_app/build/macos/Build/Products/Release/platform_review_app.app/Contents/Frameworks/Mbedx509.framework/Versions/Current/.
--prepared:/private/var/folders/lz/612zcv0d71q1c4v_mbpbcz1c0000gn/T/koi-platform-design-9xphcw8h/project/apps/platform_review_app/build/macos/Build/Products/Release/platform_review_app.app/Contents/Frameworks/Uchardet.framework/Versions/Current/.
--validated:/private/var/folders/lz/612zcv0d71q1c4v_mbpbcz1c0000gn/T/koi-platform-design-9xphcw8h/project/apps/platform_review_app/build/macos/Build/Products/Release/platform_review_app.app/Contents/Frameworks/Uchardet.framework/Versions/Current/.
--prepared:/private/var/folders/lz/612zcv0d71q1c4v_mbpbcz1c0000gn/T/koi-platform-design-9xphcw8h/project/apps/platform_review_app/build/macos/Build/Products/Release/platform_review_app.app/Contents/Frameworks/Xml2.framework/Versions/Current/.
--validated:/private/var/folders/lz/612zcv0d71q1c4v_mbpbcz1c0000gn/T/koi-platform-design-9xphcw8h/project/apps/platform_review_app/build/macos/Build/Products/Release/platform_review_app.app/Contents/Frameworks/Xml2.framework/Versions/Current/.
--prepared:/private/var/folders/lz/612zcv0d71q1c4v_mbpbcz1c0000gn/T/koi-platform-design-9xphcw8h/project/apps/platform_review_app/build/macos/Build/Products/Release/platform_review_app.app/Contents/Frameworks/Mpv.framework/Versions/Current/.
--validated:/private/var/folders/lz/612zcv0d71q1c4v_mbpbcz1c0000gn/T/koi-platform-design-9xphcw8h/project/apps/platform_review_app/build/macos/Build/Products/Release/platform_review_app.app/Contents/Frameworks/Mpv.framework/Versions/Current/.
--prepared:/private/var/folders/lz/612zcv0d71q1c4v_mbpbcz1c0000gn/T/koi-platform-design-9xphcw8h/project/apps/platform_review_app/build/macos/Build/Products/Release/platform_review_app.app/Contents/Frameworks/Avcodec.framework/Versions/Current/.
--validated:/private/var/folders/lz/612zcv0d71q1c4v_mbpbcz1c0000gn/T/koi-platform-design-9xphcw8h/project/apps/platform_review_app/build/macos/Build/Products/Release/platform_review_app.app/Contents/Frameworks/Avcodec.framework/Versions/Current/.
--prepared:/private/var/folders/lz/612zcv0d71q1c4v_mbpbcz1c0000gn/T/koi-platform-design-9xphcw8h/project/apps/platform_review_app/build/macos/Build/Products/Release/platform_review_app.app/Contents/Frameworks/Harfbuzz.framework/Versions/Current/.
--validated:/private/var/folders/lz/612zcv0d71q1c4v_mbpbcz1c0000gn/T/koi-platform-design-9xphcw8h/project/apps/platform_review_app/build/macos/Build/Products/Release/platform_review_app.app/Contents/Frameworks/Harfbuzz.framework/Versions/Current/.
--prepared:/private/var/folders/lz/612zcv0d71q1c4v_mbpbcz1c0000gn/T/koi-platform-design-9xphcw8h/project/apps/platform_review_app/build/macos/Build/Products/Release/platform_review_app.app/Contents/Frameworks/FlutterMacOS.framework/Versions/Current/.
--validated:/private/var/folders/lz/612zcv0d71q1c4v_mbpbcz1c0000gn/T/koi-platform-design-9xphcw8h/project/apps/platform_review_app/build/macos/Build/Products/Release/platform_review_app.app/Contents/Frameworks/FlutterMacOS.framework/Versions/Current/.
/var/folders/lz/612zcv0d71q1c4v_mbpbcz1c0000gn/T/koi-platform-design-9xphcw8h/project/apps/platform_review_app/build/macos/Build/Products/Release/platform_review_app.app: nested code is modified or invalid
