00:00 +0: loading /tmp/koi_platform_layout_audit_test.dart
00:00 +0: diagnostic frame semantics and tab order
SemanticsNode#0
 │ Rect.fromLTRB(0.0, 0.0, 1440.0, 800.0)
 │
 └─SemanticsNode#1
   │ Rect.fromLTRB(0.0, 0.0, 1440.0, 800.0)
   │ textDirection: ltr
   │
   └─SemanticsNode#2
     │ Rect.fromLTRB(0.0, 0.0, 1440.0, 800.0)
     │ sortKey: OrdinalSortKey#8f04b(order: 0.0)
     │
     └─SemanticsNode#3
       │ Rect.fromLTRB(0.0, 0.0, 1440.0, 800.0)
       │ flags: scopesRoute
       │
       ├─SemanticsNode#15
       │ │ Rect.fromLTRB(0.0, 0.0, 1440.0, 56.0)
       │ │
       │ └─SemanticsNode#16
       │     Rect.fromLTRB(16.0, 18.0, 58.0, 38.0)
       │     flags: isHeader, namesRoute
       │     label: "工作区"
       │     textDirection: ltr
       │
       ├─SemanticsNode#4
       │ │ Rect.fromLTRB(0.0, 56.0, 64.0, 800.0)
       │ │
       │ └─SemanticsNode#5
       │   │ Rect.fromLTRB(0.0, 8.0, 64.0, 96.0)
       │   │ flags: hasImplicitScrolling
       │   │ scrollExtentMin: 0.0
       │   │ scrollPosition: 0.0
       │   │ scrollExtentMax: 0.0
       │   │
       │   ├─SemanticsNode#6
       │   │   Rect.fromLTRB(0.0, 0.0, 64.0, 44.0)
       │   │   actions: focus, tap
       │   │   flags: isSelected, isFocusable, hasSelectedState
       │   │   label:
       │   │     "文本
       │   │     Tab 1 of 2"
       │   │   textDirection: ltr
       │   │
       │   └─SemanticsNode#7
       │       Rect.fromLTRB(0.0, 44.0, 64.0, 88.0)
       │       actions: focus, tap
       │       flags: isFocusable, hasSelectedState
       │       label:
       │         "媒体
       │         Tab 2 of 2"
       │       textDirection: ltr
       │
       ├─SemanticsNode#8
       │   Rect.fromLTRB(184.5, 64.0, 241.5, 84.0)
       │   label: "资料侧栏"
       │   textDirection: ltr
       │
       ├─SemanticsNode#9
       │   Rect.fromLTRB(73.0, 84.0, 353.0, 138.0)
       │   actions: focus, tap
       │   flags: isTextField, hasEnabledState, isEnabled, isFocusable
       │   label: "搜索资料"
       │   textDirection: ltr
       │   currentValueLength: 0
       │   inputType: text
       │
       ├─SemanticsNode#10
       │   Rect.fromLTRB(353.0, 64.0, 365.0, 792.0)
       │   actions: decrease, focus, increase, scrollLeft, scrollRight, tap
       │   flags: isFocusable
       │   label: "调整侧栏宽度"
       │   value: "280"
       │   increasedValue: "290"
       │   decreasedValue: "270"
       │   textDirection: ltr
       │
       ├─SemanticsNode#11
       │   Rect.fromLTRB(365.0, 64.0, 1140.0, 792.0)
       │   actions: focus, tap
       │   flags: isTextField, hasEnabledState, isEnabled, isFocusable
       │   label: "正文"
       │   textDirection: ltr
       │   currentValueLength: 0
       │   inputType: text
       │
       ├─SemanticsNode#12
       │   Rect.fromLTRB(1140.0, 64.0, 1152.0, 792.0)
       │   actions: decrease, focus, increase, scrollLeft, scrollRight, tap
       │   flags: isFocusable
       │   label: "调整详情宽度"
       │   value: "280"
       │   increasedValue: "290"
       │   decreasedValue: "270"
       │   textDirection: ltr
       │
       ├─SemanticsNode#13
       │   Rect.fromLTRB(1263.5, 64.0, 1320.5, 84.0)
       │   label: "资料详情"
       │   textDirection: ltr
       │
       └─SemanticsNode#14
           Rect.fromLTRB(1263.5, 84.0, 1320.5, 104.0)
           label: "名称说明"
           textDirection: ltr

TAB0: Offset(0.0, 64.0) Size(64.0, 44.0)
TAB1: Offset(0.0, 108.0) Size(64.0, 44.0)
TAB2: Offset(89.0, 98.0) Size(248.0, 26.0)
TAB3: Offset(353.0, 64.0) Size(12.0, 728.0)
TAB4: Offset(381.0, 78.0) Size(743.0, 26.0)
TAB5: Offset(1140.0, 64.0) Size(12.0, 728.0)
TAB6: Offset(0.0, 64.0) Size(64.0, 44.0)
TAB7: Offset(0.0, 108.0) Size(64.0, 44.0)
ANDROID TARGETS: false SemanticsNode#10(Rect.fromLTRB(353.0, 64.0, 365.0, 792.0), actions: [decrease, focus, increase, scrollLeft, scrollRight, tap], flags: [isFocusable], label: "调整侧栏宽度", value: "280", increasedValue: "290", decreasedValue: "270", textDirection: ltr): expected tap target size of at least Size(48.0, 48.0), but found Size(12.0, 728.0)
See also: https://support.google.com/accessibility/android/answer/7101858?hl=en

SemanticsNode#12(Rect.fromLTRB(1140.0, 64.0, 1152.0, 792.0), actions: [decrease, focus, increase, scrollLeft, scrollRight, tap], flags: [isFocusable], label: "调整详情宽度", value: "280", increasedValue: "290", decreasedValue: "270", textDirection: ltr): expected tap target size of at least Size(48.0, 48.0), but found Size(12.0, 728.0)
See also: https://support.google.com/accessibility/android/answer/7101858?hl=en



00:00 +1: diagnostic RTL splitter direction
BEFORE pane:Rect.fromLTRB(520.0, 0.0, 800.0, 400.0) handle:Rect.fromLTRB(508.0, 0.0, 520.0, 400.0)
AFTER left-drag pane:Rect.fromLTRB(570.0, 0.0, 800.0, 400.0) width:230.0
00:00 +2: All tests passed!
