00:00 +0: loading /tmp/koi_menu_system_back_review_test.dart
00:00 +0: Material menu system Back preserves the owning route
POST_BACK trigger=0 item=0 home=1
══╡ EXCEPTION CAUGHT BY FLUTTER TEST FRAMEWORK ╞════════════════════════════════════════════════════
The following TestFailure was thrown running a test:
Expected: exactly one matching candidate
  Actual: _TextWidgetFinder:<Found 0 widgets with text "菜单触发器": []>
   Which: means none were found but one was expected

When the exception was thrown, this was the stack:
#4      main.<anonymous closure> (file:///tmp/koi_menu_system_back_review_test.dart:12:5)
<asynchronous suspension>
#5      testWidgets.<anonymous closure>.<anonymous closure> (package:flutter_test/src/widget_tester.dart:192:15)
<asynchronous suspension>
#6      TestWidgetsFlutterBinding._runTestBody (package:flutter_test/src/binding.dart:1953:5)
<asynchronous suspension>
<asynchronous suspension>
(elided one frame from package:stack_trace)

This was caught by the test expectation on the following line:
  file:///tmp/koi_menu_system_back_review_test.dart line 12
The test description was:
  Material menu system Back preserves the owning route
════════════════════════════════════════════════════════════════════════════════════════════════════
00:02 +0 -1: Material menu system Back preserves the owning route [E]
  Test failed. See exception logs above.
  The test description was: Material menu system Back preserves the owning route
  
00:02 +0 -1: Some tests failed.

Failing tests:
  /tmp/koi_menu_system_back_review_test.dart: Material menu system Back preserves the owning route
