+ /Users/max/Workspace/env/fvm/versions/3.47.2/bin/flutter --version --machine
+ /Users/max/Workspace/env/fvm/versions/3.47.2/bin/flutter create --no-pub --empty --project-name design_final_minimal_app --org com.mrkoi.designfixture --platforms web /private/var/folders/lz/612zcv0d71q1c4v_mbpbcz1c0000gn/T/koi-design-final-minimal-lncql1ze/.blueprint-6hge2kli/apps/design_final_minimal_app
Creating project apps/design_final_minimal_app...
Wrote 18 files.

All done!
You can find general documentation for Flutter at: https://docs.flutter.dev/
Detailed API documentation is available at: https://api.flutter.dev/
If you prefer video documentation, consider: https://www.youtube.com/c/flutterdev

In order to run your empty application, type:

  $ cd apps/design_final_minimal_app
  $ flutter run

Your empty application code is in apps/design_final_minimal_app/lib/main.dart.

+ /Users/max/Workspace/env/fvm/versions/3.47.2/bin/flutter pub get
Resolving dependencies...
Downloading packages...
  built_collection 5.1.1 (5.1.2 available)
  go_router 17.5.0 (18.0.2 available)
  material_color_utilities 0.13.0 (0.13.1 available)
  petitparser 7.0.2 (7.1.0 available)
  platform 3.1.6 (3.2.0 available)
  test_api 0.7.12 (0.7.14 available)
  xml 7.0.1 (7.1.0 available)
These packages are no longer being depended on:
- archive 4.3.0
- code_assets 2.1.0
- cross_file 0.3.5+5
- dbus 0.8.0
- dio 5.11.1
- dio_cache_interceptor 4.0.7
- dio_smart_retry 7.0.1
- dio_web_adapter 2.2.2
- ffi_leak_tracker 0.1.2
- file_selector 1.1.0
- file_selector_android 0.5.2+11
- file_selector_ios 0.5.3+6
- file_selector_linux 0.9.4+1
- file_selector_macos 0.9.5+1
- file_selector_platform_interface 2.7.0
- file_selector_web 0.9.5
- file_selector_windows 0.9.3+6
- flutter_driver 0.0.0 from sdk flutter
- flutter_localizations 0.0.0 from sdk flutter
- flutter_secure_storage 11.2.0
- flutter_secure_storage_darwin 0.4.3
- flutter_secure_storage_linux 3.0.3
- flutter_secure_storage_platform_interface 2.1.1
- flutter_secure_storage_web 2.1.1
- flutter_secure_storage_windows 4.2.2
- fuchsia_remote_debug_protocol 0.0.0 from sdk flutter
- hooks 2.2.0
- http_cache_core 1.1.4
- image 4.10.1
- integration_test 0.0.0 from sdk flutter
- intl 0.20.3
- jni 1.0.3
- jni_flutter 1.0.3
- jni_util 1.0.0
- koi_network 0.0.5
- media_kit 1.2.6
- media_kit_libs_android_video 1.3.8
- media_kit_libs_ios_video 1.1.4
- media_kit_libs_linux 1.2.1
- media_kit_libs_macos_video 1.1.4
- media_kit_libs_video 1.0.7
- media_kit_libs_windows_video 1.0.11
- media_kit_video 2.0.1
- objective_c 9.6.0
- package_info_plus 10.2.1
- package_info_plus_platform_interface 4.1.0
- path_provider 2.1.6
- path_provider_android 2.3.1
- path_provider_foundation 2.6.0
- path_provider_linux 2.2.2
- path_provider_platform_interface 2.1.3
- path_provider_windows 2.3.0
- plugin_platform_interface 2.1.8
- posix 6.5.2
- pretty_dio_logger 1.4.0
- record_use 1.1.1
- safe_local_storage 2.0.6
- sync_http 0.3.1
- synchronized 3.4.2
- universal_platform 1.1.0
- uri_parser 3.0.2
- wakelock_plus 1.8.1
- wakelock_plus_platform_interface 1.7.0
- webdriver 3.2.0
- win32 6.4.0
- xdg_directories 1.1.0
Changed 66 dependencies!
7 packages have newer versions incompatible with dependency constraints.
Try `flutter pub outdated` for more information.
Deleting old lock-file: `./apps/design_final_minimal_app/pubspec.lock`.
See https://dart.dev/go/workspaces-stray-files for details.
+ /Users/max/Workspace/env/fvm/versions/3.47.2/bin/dart pub workspace list --json
+ /Users/max/Workspace/env/fvm/versions/3.47.2/bin/dart run build_runner build
  compiling builders/aot
  23s compiling builders/aot
  0s riverpod_generator on 5 inputs; lib/app.dart
  1s riverpod_generator on 5 inputs: 1 no-op; spent 1s sdk; lib/core/router/app_routes.dart
  5s riverpod_generator on 5 inputs: 2 no-op; spent 3s analyzing, 1s sdk; lib/features/home/presentation/screens/home_page.dart
  5s riverpod_generator on 5 inputs: 5 no-op; spent 3s analyzing, 1s sdk
  0s freezed on 5 inputs; lib/app.dart
  0s freezed on 5 inputs: 5 no-op
  0s json_serializable on 10 inputs; lib/app.dart
  1s json_serializable on 10 inputs: 5 skipped, 5 no-op
  0s go_router_builder on 10 inputs; lib/app.dart
  0s go_router_builder on 10 inputs: 5 skipped, 1 output, 4 no-op
  0s source_gen:combining_builder on 10 inputs; lib/app.dart
  0s source_gen:combining_builder on 10 inputs: 5 skipped, 1 output, 4 no-op
  Built with build_runner/aot in 29s; wrote 2 outputs.
+ /Users/max/Workspace/env/fvm/versions/3.47.2/bin/dart format /private/var/folders/lz/612zcv0d71q1c4v_mbpbcz1c0000gn/T/koi-design-final-minimal-lncql1ze/.blueprint-6hge2kli/apps/design_final_minimal_app/lib /private/var/folders/lz/612zcv0d71q1c4v_mbpbcz1c0000gn/T/koi-design-final-minimal-lncql1ze/.blueprint-6hge2kli/apps/design_final_minimal_app/test
Formatted /private/var/folders/lz/612zcv0d71q1c4v_mbpbcz1c0000gn/T/koi-design-final-minimal-lncql1ze/.blueprint-6hge2kli/apps/design_final_minimal_app/test/app_test.dart
Formatted 6 files (1 changed) in 0.02 seconds.
+ /Users/max/Workspace/env/fvm/versions/3.47.2/bin/dart run build_runner build
  compiling builders/aot
  21s compiling builders/aot
  0s freezed on 7 inputs; lib/error/app_failure.dart
  1s freezed on 7 inputs: 1 output; spent 1s sdk; lib/extensions/string_extensions.dart
  1s freezed on 7 inputs: 1 output, 6 no-op; spent 1s sdk
  Built with build_runner/aot in 23s; wrote 1 output.
+ /Users/max/Workspace/env/fvm/versions/3.47.2/bin/dart format /private/var/folders/lz/612zcv0d71q1c4v_mbpbcz1c0000gn/T/koi-design-final-minimal-lncql1ze/.blueprint-6hge2kli/packages/koi_core/lib /private/var/folders/lz/612zcv0d71q1c4v_mbpbcz1c0000gn/T/koi-design-final-minimal-lncql1ze/.blueprint-6hge2kli/packages/koi_core/test
Formatted 8 files (0 changed) in 0.03 seconds.
+ /Users/max/Workspace/env/fvm/versions/3.47.2/bin/dart format /private/var/folders/lz/612zcv0d71q1c4v_mbpbcz1c0000gn/T/koi-design-final-minimal-lncql1ze/.blueprint-6hge2kli/packages/koi_ui/lib /private/var/folders/lz/612zcv0d71q1c4v_mbpbcz1c0000gn/T/koi-design-final-minimal-lncql1ze/.blueprint-6hge2kli/packages/koi_ui/test
Formatted 21 files (0 changed) in 0.06 seconds.
+ /Users/max/Workspace/env/fvm/versions/3.47.2/bin/flutter pub get
Resolving dependencies...
Downloading packages...
  built_collection 5.1.1 (5.1.2 available)
  go_router 17.5.0 (18.0.2 available)
  material_color_utilities 0.13.0 (0.13.1 available)
  petitparser 7.0.2 (7.1.0 available)
  platform 3.1.6 (3.2.0 available)
  test_api 0.7.12 (0.7.14 available)
  xml 7.0.1 (7.1.0 available)
Got dependencies!
7 packages have newer versions incompatible with dependency constraints.
Try `flutter pub outdated` for more information.
Created /private/var/folders/lz/612zcv0d71q1c4v_mbpbcz1c0000gn/T/koi-design-final-minimal-lncql1ze/project
Next: python3 "/private/var/folders/lz/612zcv0d71q1c4v_mbpbcz1c0000gn/T/koi-design-final-minimal-lncql1ze/project/blueprint.py" validate --workspace "/private/var/folders/lz/612zcv0d71q1c4v_mbpbcz1c0000gn/T/koi-design-final-minimal-lncql1ze/project"
