Waiting for another flutter command to release the startup lock...
Resolving dependencies in `/private/var/folders/lz/612zcv0d71q1c4v_mbpbcz1c0000gn/T/koi-sidebar-surface-ouca3zkg/project`...
Downloading packages...
  built_collection 5.1.1 (5.1.2 available)
  cross_file 0.3.5+5 (0.4.0 available)
  go_router 17.5.0 (18.0.2 available)
  material_color_utilities 0.13.0 (0.13.1 available)
  petitparser 7.0.2 (7.1.0 available)
  platform 3.1.6 (3.2.0 available)
  test_api 0.7.12 (0.7.14 available)
  xml 7.0.1 (7.1.0 available)
Got dependencies in `/private/var/folders/lz/612zcv0d71q1c4v_mbpbcz1c0000gn/T/koi-sidebar-surface-ouca3zkg/project`!
8 packages have newer versions incompatible with dependency constraints.
Try `flutter pub outdated` for more information.
The following plugins do not support Swift Package Manager for macos:
  - media_kit_libs_macos_video
  - media_kit_video
This will become an error in a future version of Flutter. Please contact the plugin maintainers to request Swift Package Manager adoption.
Building macOS application...                                   
Xcode 27 no longer requires macOS binaries to support the x86_64 architecture. To build ARM-only macOS apps now, run: "flutter config --enable-macos-arm64-only". This will become the default behavior in a future Flutter release.
✓ Built build/macos/Build/Products/Release/surface_review_app.app (95.1MB)
