+ /Users/max/Workspace/env/fvm/versions/3.47.2/bin/flutter --version --machine
+ /Users/max/Workspace/env/fvm/versions/3.47.2/bin/flutter create --no-pub --empty --project-name kit_workbench_app --org com.mrkoi.kitfixture --platforms web /private/var/folders/lz/612zcv0d71q1c4v_mbpbcz1c0000gn/T/koi-kit-workbench-9zmvu2kj/.blueprint-vl83xj6w/apps/kit_workbench_app
Creating project apps/kit_workbench_app...
Wrote 18 files.

All done!
You can find general documentation for Flutter at: https://docs.flutter.dev/
Detailed API documentation is available at: https://api.flutter.dev/
If you prefer video documentation, consider: https://www.youtube.com/c/flutterdev

In order to run your empty application, type:

  $ cd apps/kit_workbench_app
  $ flutter run

Your empty application code is in apps/kit_workbench_app/lib/main.dart.

+ /Users/max/Workspace/env/fvm/versions/3.47.2/bin/flutter pub get
Resolving dependencies...
Downloading packages...
  built_collection 5.1.1 (5.1.2 available)
  cross_file 0.3.5+5 (0.4.0 available)
  go_router 17.5.0 (18.0.2 available)
  material_color_utilities 0.13.0 (0.13.1 available)
  petitparser 7.0.2 (7.1.0 available)
  platform 3.1.6 (3.2.0 available)
  test_api 0.7.12 (0.7.14 available)
  xml 7.0.1 (7.1.0 available)
These packages are no longer being depended on:
- dio 5.11.1
- dio_cache_interceptor 4.0.7
- dio_smart_retry 7.0.1
- dio_web_adapter 2.2.2
- flutter_localizations 0.0.0 from sdk flutter
- flutter_secure_storage 11.2.0
- flutter_secure_storage_darwin 0.4.3
- flutter_secure_storage_linux 3.0.3
- flutter_secure_storage_platform_interface 2.1.1
- flutter_secure_storage_web 2.1.1
- flutter_secure_storage_windows 4.2.2
- http_cache_core 1.1.4
- intl 0.20.3
- koi_network 0.0.5
- pretty_dio_logger 1.4.0
Changed 15 dependencies!
8 packages have newer versions incompatible with dependency constraints.
Try `flutter pub outdated` for more information.
Deleting old lock-file: `./apps/kit_workbench_app/pubspec.lock`.
See https://dart.dev/go/workspaces-stray-files for details.
+ /Users/max/Workspace/env/fvm/versions/3.47.2/bin/dart pub workspace list --json
+ /Users/max/Workspace/env/fvm/versions/3.47.2/bin/dart run build_runner build
  compiling builders/aot
  29s compiling builders/aot
  0s riverpod_generator on 60 inputs; integration_test/support/fixture_import_port.dart
  2s riverpod_generator on 60 inputs: 1 no-op; spent 2s sdk; integration_test/support/runtime_driver.dart
  13s riverpod_generator on 60 inputs: 16 no-op; spent 9s analyzing, 2s resolving, 2s sdk; lib/core/router/workbench_navigation_history.dart
  14s riverpod_generator on 60 inputs: 2 output, 58 no-op; spent 10s analyzing, 2s resolving, 2s sdk
  0s freezed on 60 inputs; integration_test/support/fixture_import_port.dart
  0s freezed on 60 inputs: 2 output, 58 no-op
  0s json_serializable on 120 inputs; integration_test/support/fixture_import_port.dart
  0s json_serializable on 120 inputs: 1 skipped, 2 no-op; integration_test/support/runtime_driver.freezed.dart
  1s json_serializable on 120 inputs: 58 skipped, 1 output, 61 no-op
  0s go_router_builder on 120 inputs; integration_test/support/fixture_import_port.dart
  0s go_router_builder on 120 inputs: 58 skipped, 1 output, 61 no-op
  0s source_gen:combining_builder on 120 inputs; integration_test/support/fixture_import_port.dart
  0s source_gen:combining_builder on 120 inputs: 58 skipped, 4 output, 58 no-op
  Built with build_runner/aot in 45s; wrote 10 outputs.
+ /Users/max/Workspace/env/fvm/versions/3.47.2/bin/dart format /private/var/folders/lz/612zcv0d71q1c4v_mbpbcz1c0000gn/T/koi-kit-workbench-9zmvu2kj/.blueprint-vl83xj6w/apps/kit_workbench_app/lib /private/var/folders/lz/612zcv0d71q1c4v_mbpbcz1c0000gn/T/koi-kit-workbench-9zmvu2kj/.blueprint-vl83xj6w/apps/kit_workbench_app/test /private/var/folders/lz/612zcv0d71q1c4v_mbpbcz1c0000gn/T/koi-kit-workbench-9zmvu2kj/.blueprint-vl83xj6w/apps/kit_workbench_app/integration_test
Formatted 66 files (0 changed) in 0.42 seconds.
+ /Users/max/Workspace/env/fvm/versions/3.47.2/bin/dart run build_runner build
  compiling builders/aot
  65s compiling builders/aot
  0s freezed on 7 inputs; lib/error/app_failure.dart
  2s freezed on 7 inputs: 1 output; spent 2s sdk; lib/extensions/string_extensions.dart
  2s freezed on 7 inputs: 1 output, 6 no-op; spent 2s sdk
  Built with build_runner/aot in 69s; wrote 1 output.
+ /Users/max/Workspace/env/fvm/versions/3.47.2/bin/dart format /private/var/folders/lz/612zcv0d71q1c4v_mbpbcz1c0000gn/T/koi-kit-workbench-9zmvu2kj/.blueprint-vl83xj6w/packages/koi_core/lib /private/var/folders/lz/612zcv0d71q1c4v_mbpbcz1c0000gn/T/koi-kit-workbench-9zmvu2kj/.blueprint-vl83xj6w/packages/koi_core/test
Formatted 8 files (0 changed) in 0.05 seconds.
+ /Users/max/Workspace/env/fvm/versions/3.47.2/bin/dart format /private/var/folders/lz/612zcv0d71q1c4v_mbpbcz1c0000gn/T/koi-kit-workbench-9zmvu2kj/.blueprint-vl83xj6w/packages/koi_ui/lib /private/var/folders/lz/612zcv0d71q1c4v_mbpbcz1c0000gn/T/koi-kit-workbench-9zmvu2kj/.blueprint-vl83xj6w/packages/koi_ui/test
Formatted 28 files (0 changed) in 0.21 seconds.
+ /Users/max/Workspace/env/fvm/versions/3.47.2/bin/flutter pub get
Resolving dependencies...
Downloading packages...
  built_collection 5.1.1 (5.1.2 available)
  cross_file 0.3.5+5 (0.4.0 available)
  go_router 17.5.0 (18.0.2 available)
  material_color_utilities 0.13.0 (0.13.1 available)
  petitparser 7.0.2 (7.1.0 available)
  platform 3.1.6 (3.2.0 available)
  test_api 0.7.12 (0.7.14 available)
  xml 7.0.1 (7.1.0 available)
Got dependencies!
8 packages have newer versions incompatible with dependency constraints.
Try `flutter pub outdated` for more information.
Created /private/var/folders/lz/612zcv0d71q1c4v_mbpbcz1c0000gn/T/koi-kit-workbench-9zmvu2kj/project
Next: python3 "/private/var/folders/lz/612zcv0d71q1c4v_mbpbcz1c0000gn/T/koi-kit-workbench-9zmvu2kj/project/blueprint.py" validate --workspace "/private/var/folders/lz/612zcv0d71q1c4v_mbpbcz1c0000gn/T/koi-kit-workbench-9zmvu2kj/project"
