Resolving dependencies in `/private/var/folders/lz/612zcv0d71q1c4v_mbpbcz1c0000gn/T/koi-sidebar-surface-ouca3zkg/project`...
Downloading packages...
  built_collection 5.1.1 (5.1.2 available)
  cross_file 0.3.5+5 (0.4.0 available)
  go_router 17.5.0 (18.0.2 available)
  material_color_utilities 0.13.0 (0.13.1 available)
  petitparser 7.0.2 (7.1.0 available)
  platform 3.1.6 (3.2.0 available)
  test_api 0.7.12 (0.7.14 available)
  xml 7.0.1 (7.1.0 available)
Got dependencies in `/private/var/folders/lz/612zcv0d71q1c4v_mbpbcz1c0000gn/T/koi-sidebar-surface-ouca3zkg/project`!
8 packages have newer versions incompatible with dependency constraints.
Try `flutter pub outdated` for more information.
The following plugins do not support Swift Package Manager for macos:
  - media_kit_libs_macos_video
  - media_kit_video
This will become an error in a future version of Flutter. Please contact the plugin maintainers to request Swift Package Manager adoption.
Building macOS application...                                   
Xcode 27 no longer requires macOS binaries to support the x86_64 architecture. To build ARM-only macOS apps now, run: "flutter config --enable-macos-arm64-only". This will become the default behavior in a future Flutter release.
error: the following command failed with exit code 0 but produced no further output
SwiftCompile normal x86_64 (in target 'file_selector_macos' from project 'file_selector_macos')
/Users/max/Workspace/env/.pub-cache/hosted/pub.dev/file_selector_macos-0.9.5+1/macos/file_selector_macos/Sources/file_selector_macos/FileSelectorPlugin.swift:127:17: warning: 'allowedFileTypes' was deprecated in macOS 12.0: Use -allowedContentTypes instead [#DeprecatedDeclaration]
125 |         allowedTypes.append(contentsOf: acceptedTypes.utis.map({ $0 }))
126 |         if !allowedTypes.isEmpty {
127 |           panel.allowedFileTypes = allowedTypes
    |                 `- warning: 'allowedFileTypes' was deprecated in macOS 12.0: Use -allowedContentTypes instead [#DeprecatedDeclaration]
128 |         }
129 |       }

[#DeprecatedDeclaration]: <https://docs.swift.org/compiler/documentation/diagnostics/deprecated-declaration>
error: the following command failed with exit code 0 but produced no further output
SwiftCompile normal arm64 (in target 'file_selector_macos' from project 'file_selector_macos')
/Users/max/Workspace/env/.pub-cache/hosted/pub.dev/file_selector_macos-0.9.5+1/macos/file_selector_macos/Sources/file_selector_macos/FileSelectorPlugin.swift:127:17: warning: 'allowedFileTypes' was deprecated in macOS 12.0: Use -allowedContentTypes instead [#DeprecatedDeclaration]
125 |         allowedTypes.append(contentsOf: acceptedTypes.utis.map({ $0 }))
126 |         if !allowedTypes.isEmpty {
127 |           panel.allowedFileTypes = allowedTypes
    |                 `- warning: 'allowedFileTypes' was deprecated in macOS 12.0: Use -allowedContentTypes instead [#DeprecatedDeclaration]
128 |         }
129 |       }

[#DeprecatedDeclaration]: <https://docs.swift.org/compiler/documentation/diagnostics/deprecated-declaration>
